[DEBUG LAB4]: 	INT	int	2
[DEBUG LAB4]: 	ID	f	2	94869313098560	index:0
[DEBUG LAB4]: 	LPAREN	(	2
[DEBUG LAB4]: 	RPAREN	)	2
[DEBUG LAB4]: 	LBRACE	{	2
[DEBUG LAB4]: 	INT	int	3
[DEBUG LAB4]: 	ID	a	3	94869313098784	index:1
[DEBUG LAB4]: 	SEMICOLON	;	3
[DEBUG LAB4]: 	ID	a	4	94869313098784	index:1
[DEBUG LAB4]: 	ASSIGN	=	4
[DEBUG LAB4]: 	NUM	0
[DEBUG LAB4]: 	SEMICOLON	;	4
[DEBUG LAB4]: 	WHILE	while	5
[DEBUG LAB4]: 	LPAREN	(	5
[DEBUG LAB4]: 	ID	a	5	94869313098784	index:1
[DEBUG LAB4]: 	LESS	<	5
[DEBUG LAB4]: 	NUM	10
[DEBUG LAB4]: 	RPAREN	)	5
[DEBUG LAB4]: 	LBRACE	{	5
[DEBUG LAB4]: 	ID	a	6	94869313098784	index:1
[DEBUG LAB4]: 	ASSIGN	=	6
[DEBUG LAB4]: 	ID	a	6	94869313098784	index:1
[DEBUG LAB4]: 	MUL	*	6
[DEBUG LAB4]: 	NUM	2345
[DEBUG LAB4]: 	SEMICOLON	;	6
[DEBUG LAB4]: 	RBRACE	}	7
[DEBUG LAB4]: 	RETURN	return	8
[DEBUG LAB4]: 	ID	a	8	94869313098784	index:1
[DEBUG LAB4]: 	SEMICOLON	;	8
[DEBUG LAB4]: 	RBRACE	}	9
[DEBUG LAB4]: 	INT	int	11
[DEBUG LAB4]: 	ID	main	11	94869313099136	index:2
[DEBUG LAB4]: 	LPAREN	(	11
[DEBUG LAB4]: 	RPAREN	)	11
[DEBUG LAB4]: 	LBRACE	{	11
[DEBUG LAB4]: 	INT	int	12
[DEBUG LAB4]: 	ID	_testid	12	94869313099184	index:3
[DEBUG LAB4]: 	SEMICOLON	;	12
[DEBUG LAB4]: 	ID	_testid	13	94869313099184	index:3
[DEBUG LAB4]: 	ASSIGN	=	13
[DEBUG LAB4]: 	NUM	0
[DEBUG LAB4]: 	SEMICOLON	;	13
[DEBUG LAB4]: 	IF	if	14
[DEBUG LAB4]: 	LPAREN	(	14
[DEBUG LAB4]: 	ID	_testid	14	94869313099184	index:3
[DEBUG LAB4]: 	EQ	==	14
[DEBUG LAB4]: 	NUM	0
[DEBUG LAB4]: 	RPAREN	)	14
[DEBUG LAB4]: 	LBRACE	{	14
[DEBUG LAB4]: 	INT	int	15
[DEBUG LAB4]: 	ID	_testid	15	94869313099440	index:4
[DEBUG LAB4]: 	SEMICOLON	;	15
[DEBUG LAB4]: 	INT	int	16
[DEBUG LAB4]: 	ID	_testid2	16	94869313099488	index:5
[DEBUG LAB4]: 	SEMICOLON	;	16
[DEBUG LAB4]: 	ID	_testid1 没有定义
[DEBUG LAB4]: 	ASSIGN	=	17
[DEBUG LAB4]: 	ID	_testid1 没有定义
[DEBUG LAB4]: 	ADD	+	17
[DEBUG LAB4]: 	NUM	1
[DEBUG LAB4]: 	SEMICOLON	;	17
[DEBUG LAB4]: 	RBRACE	}	18
[DEBUG LAB4]: 	LBRACE	{	20
[DEBUG LAB4]: 	INT	int	21
[DEBUG LAB4]: 	ID	a	21	94869313099536	index:6
[DEBUG LAB4]: 	SEMICOLON	;	21
[DEBUG LAB4]: 	RBRACE	}	22
[DEBUG LAB4]: 	LBRACE	{	23
[DEBUG LAB4]: 	INT	int	24
[DEBUG LAB4]: 	ID	a	24	94869313099584	index:7
[DEBUG LAB4]: 	SEMICOLON	;	24
[DEBUG LAB4]: 	RBRACE	}	25
[DEBUG LAB4]: 	INT	int	26
[DEBUG LAB4]: 	ID	b	26	94869313100256	index:8
[DEBUG LAB4]: 	SEMICOLON	;	26
[DEBUG LAB4]: 	RETURN	return	27
[DEBUG LAB4]: 	NUM	0
[DEBUG LAB4]: 	SEMICOLON	;	27
[DEBUG LAB4]: 	RBRACE	}	28
